// Jest Snapshot v1, https://goo.gl/fbAQLP

exports[`test renders correctly 1`] = `[Function]`;
